Starting a Gradle Daemon, 2 stopped Daemons could not be reused, use --status for details
.\gradlew.bat : 
At line:1 char:43
+ ...  --stop 2>&1; 
Start-Sleep 3; 
.\gradlew.bat 
assembleDebug 2>&1 | Out-F 
...
+                          
        ~~~~~~~~~~~~~~~~~~~
~~~~~~~~~~~~~
    + CategoryInfo         
     : NotSpecified: (:St  
  ring) [], RemoteExcept   
 ion
    + FullyQualifiedErrorI 
   d : NativeCommandError
 
FAILURE: Build failed with 
an exception.

* What went wrong:
Gradle requires JVM 17 or 
later to run. Your build 
is currently configured to 
use JVM 8.

* Try:
> Run with --stacktrace 
option to get the stack 
trace.
> Run with --info or 
--debug option to get more 
log output.
> Run with --scan to 
generate a Build Scan 
(Powered by Develocity).
> Get more help at 
https://help.gradle.org.
